
=== Sun Jan  5 00:46:11 2025

Packages were changed.
Update Mode: mergeDefaultDependencies

The following packages were added:
  com.unity.modules.ai@1.0.0
  com.unity.modules.androidjni@1.0.0
  com.unity.modules.animation@1.0.0
  com.unity.modules.assetbundle@1.0.0
  com.unity.modules.audio@1.0.0
  com.unity.modules.cloth@1.0.0
  com.unity.modules.director@1.0.0
  com.unity.modules.imageconversion@1.0.0
  com.unity.modules.imgui@1.0.0
  com.unity.modules.jsonserialize@1.0.0
  com.unity.modules.particlesystem@1.0.0
  com.unity.modules.physics@1.0.0
  com.unity.modules.physics2d@1.0.0
  com.unity.modules.screencapture@1.0.0
  com.unity.modules.terrain@1.0.0
  com.unity.modules.terrainphysics@1.0.0
  com.unity.modules.tilemap@1.0.0
  com.unity.modules.ui@1.0.0
  com.unity.modules.uielements@1.0.0
  com.unity.modules.umbra@1.0.0
  com.unity.modules.unityanalytics@1.0.0
  com.unity.modules.unitywebrequest@1.0.0
  com.unity.modules.unitywebrequestassetbundle@1.0.0
  com.unity.modules.unitywebrequestaudio@1.0.0
  com.unity.modules.unitywebrequesttexture@1.0.0
  com.unity.modules.unitywebrequestwww@1.0.0
  com.unity.modules.vehicles@1.0.0
  com.unity.modules.video@1.0.0
  com.unity.modules.vr@1.0.0
  com.unity.modules.wind@1.0.0
  com.unity.modules.xr@1.0.0
  com.unity.modules.accessibility@1.0.0
  com.unity.multiplayer.center@1.0.0
The following packages were updated:
  com.unity.collab-proxy from version 2.4.4 to 2.6.0
  com.unity.inputsystem from version 1.9.0 to 1.11.2
  com.unity.visualscripting from version 1.9.4 to 1.9.5

=== Sun Jan  5 02:03:05 2025

Packages were changed.
Update Mode: updateDependencies

The following packages were updated:
  com.unity.2d.tilemap.extras from version 3.1.0 to 4.1.0
  com.unity.ai.navigation from version 1.1.3 to 2.0.5
  com.unity.burst from version 1.8.4 to 1.8.18
  com.unity.cinemachine from version 2.9.5 to 2.10.3
  com.unity.collab-proxy from version 2.4.3 to 2.6.0
  com.unity.ext.nunit from version 1.0.6 to 2.0.5
  com.unity.feature.development from version 1.0.1 to 1.0.2
  com.unity.ide.rider from version 3.0.21 to 3.0.31
  com.unity.ide.visualstudio from version 2.0.18 to 2.0.22
  com.unity.mathematics from version 1.2.6 to 1.3.2
  com.unity.postprocessing from version 3.2.2 to 3.4.0
  com.unity.render-pipelines.core from version 14.0.7 to 17.0.3
  com.unity.render-pipelines.universal from version 14.0.7 to 17.0.3
  com.unity.shadergraph from version 14.0.7 to 17.0.3
  com.unity.test-framework from version 1.1.33 to 1.4.5
  com.unity.testtools.codecoverage from version 1.2.3 to 1.2.6
  com.unity.timeline from version 1.7.4 to 1.8.7
  com.unity.ugui from version 1.0.0 to 2.0.0
  com.unity.visualscripting from version 1.8.0 to 1.9.5
  com.unity.xr.legacyinputhelpers from version 2.1.10 to 2.1.11
The following packages were removed:
  com.unity.textmeshpro@3.0.6

=== Sun Jan  5 02:03:05 2025

Packages were changed.
Update Mode: mergeDefaultDependencies

The following packages were added:
  com.unity.2d.sprite@1.0.0
  com.unity.2d.tilemap@1.0.0
  com.unity.2d.tilemap.extras@4.1.0
  com.unity.ai.navigation@2.0.5
  com.unity.burst@1.8.18
  com.unity.cinemachine@2.10.3
  com.unity.editorcoroutines@1.0.0
  com.unity.ext.nunit@2.0.5
  com.unity.feature.development@1.0.2
  com.unity.ide.vscode@1.2.5
  com.unity.mathematics@1.3.2
  com.unity.performance.profile-analyzer@1.2.2
  com.unity.postprocessing@3.4.0
  com.unity.render-pipelines.core@17.0.3
  com.unity.searcher@4.9.2
  com.unity.settings-manager@2.0.1
  com.unity.shadergraph@17.0.3
  com.unity.testtools.codecoverage@1.2.6
  com.unity.xr.legacyinputhelpers@2.1.11
  com.unity.modules.subsystems@1.0.0

=== Sun Jan  5 02:08:44 2025

Packages were changed.
Update Mode: updateDependencies

The following packages were updated:
  com.unity.2d.tilemap.extras from version 3.1.0 to 4.1.0
  com.unity.ai.navigation from version 1.1.3 to 2.0.5
  com.unity.burst from version 1.8.4 to 1.8.18
  com.unity.cinemachine from version 2.9.5 to 2.10.3
  com.unity.collab-proxy from version 2.4.3 to 2.6.0
  com.unity.ext.nunit from version 1.0.6 to 2.0.5
  com.unity.feature.development from version 1.0.1 to 1.0.2
  com.unity.ide.rider from version 3.0.21 to 3.0.31
  com.unity.ide.visualstudio from version 2.0.18 to 2.0.22
  com.unity.mathematics from version 1.2.6 to 1.3.2
  com.unity.postprocessing from version 3.2.2 to 3.4.0
  com.unity.render-pipelines.core from version 14.0.7 to 17.0.3
  com.unity.render-pipelines.universal from version 14.0.7 to 17.0.3
  com.unity.shadergraph from version 14.0.7 to 17.0.3
  com.unity.test-framework from version 1.1.33 to 1.4.5
  com.unity.testtools.codecoverage from version 1.2.3 to 1.2.6
  com.unity.timeline from version 1.7.4 to 1.8.7
  com.unity.ugui from version 1.0.0 to 2.0.0
  com.unity.visualscripting from version 1.8.0 to 1.9.5
  com.unity.xr.legacyinputhelpers from version 2.1.10 to 2.1.11
The following packages were removed:
  com.unity.textmeshpro@3.0.6

=== Sun Jan  5 02:16:56 2025

Packages were changed.
Update Mode: updateDependencies

The following packages were 更新済み:
  com.unity.2d.tilemap.extras をバージョン 3.1.0 から 4.1.0 へ
  com.unity.ai.navigation をバージョン 1.1.3 から 2.0.5 へ
  com.unity.burst をバージョン 1.8.4 から 1.8.18 へ
  com.unity.cinemachine をバージョン 2.9.5 から 2.10.3 へ
  com.unity.collab-proxy をバージョン 2.4.3 から 2.6.0 へ
  com.unity.ext.nunit をバージョン 1.0.6 から 2.0.5 へ
  com.unity.feature.development をバージョン 1.0.1 から 1.0.2 へ
  com.unity.ide.rider をバージョン 3.0.21 から 3.0.31 へ
  com.unity.ide.visualstudio をバージョン 2.0.18 から 2.0.22 へ
  com.unity.mathematics をバージョン 1.2.6 から 1.3.2 へ
  com.unity.postprocessing をバージョン 3.2.2 から 3.4.0 へ
  com.unity.render-pipelines.core をバージョン 14.0.7 から 17.0.3 へ
  com.unity.render-pipelines.universal をバージョン 14.0.7 から 17.0.3 へ
  com.unity.shadergraph をバージョン 14.0.7 から 17.0.3 へ
  com.unity.test-framework をバージョン 1.1.33 から 1.4.5 へ
  com.unity.testtools.codecoverage をバージョン 1.2.3 から 1.2.6 へ
  com.unity.timeline をバージョン 1.7.4 から 1.8.7 へ
  com.unity.ugui をバージョン 1.0.0 から 2.0.0 へ
  com.unity.visualscripting をバージョン 1.8.0 から 1.9.5 へ
  com.unity.xr.legacyinputhelpers をバージョン 2.1.10 から 2.1.11 へ
The following packages were 削除済み:
  com.unity.textmeshpro@3.0.6
